warning: variant `SolutionIndex` is never constructed
  --> crates/hip-bridge/src/rocblas.rs:63:5
   |
61 | pub enum RocblasGemmAlgo {
   |          --------------- variant in this enum
62 |     Standard = 160,
63 |     SolutionIndex = 161,
   |     ^^^^^^^^^^^^^
   |
   = note: `RocblasGemmAlgo` has derived impls for the traits `Clone` and `Debug`, but these are intentionally ignored during dead code analysis
   = note: `#[warn(dead_code)]` (part of `#[warn(unused)]`) on by default

warning: field `fn_create_handle` is never read
  --> crates/hip-bridge/src/rocblas.rs:73:5
   |
69 | pub struct Rocblas {
   |            ------- field in this struct
...
73 |     fn_create_handle: unsafe extern "C" fn(*mut RocblasHandle) -> u32,
   |     ^^^^^^^^^^^^^^^^

warning: `hip-bridge` (lib) generated 2 warnings
   Compiling rdna-compute v0.2.0 (/home/kaden/hipfire/.worktrees/pr319-forward-train-6126d41d/crates/rdna-compute)
warning: unused variable: `func`
     --> crates/rdna-compute/src/dispatch.rs:22444:13
      |
22444 |         let func = &self.functions["rope_f32"];
      |             ^^^^ help: if this is intentional, prefix it with an underscore: `_func`
      |
      = note: `#[warn(unused_variables)]` (part of `#[warn(unused)]`) on by default

warning: unused variable: `func`
     --> crates/rdna-compute/src/dispatch.rs:25551:13
      |
25551 |         let func = &self.functions["kv_cache_write"];
      |             ^^^^ help: if this is intentional, prefix it with an underscore: `_func`

warning: unused variable: `func`
     --> crates/rdna-compute/src/dispatch.rs:27782:13
      |
27782 |         let func = &self.functions["bias_add_f32"];
      |             ^^^^ help: if this is intentional, prefix it with an underscore: `_func`

warning: unused variable: `force_baseline`
   --> crates/rdna-compute/src/kernels.rs:268:66
    |
268 | pub fn gemm_qkv_mq4g256_lloyd_wmma_mb4_for_arch(caps: &ArchCaps, force_baseline: bool) -> (&'static str, &'static str) {
    |                                                                  ^^^^^^^^^^^^^^ help: if this is intentional, prefix it with an underscore: `_force_baseline`

warning: unused variable: `force_baseline`
   --> crates/rdna-compute/src/kernels.rs:280:70
    |
280 | pub fn gemm_gate_up_mq4g256_lloyd_wmma_mb4_for_arch(caps: &ArchCaps, force_baseline: bool) -> (&'static str, &'static str) {
    |                                                                      ^^^^^^^^^^^^^^ help: if this is intentional, prefix it with an underscore: `_force_baseline`

warning: unused variable: `arch`
   --> crates/rdna-compute/src/kernels.rs:317:9
    |
317 |     let arch = caps.arch();
    |         ^^^^ help: if this is intentional, prefix it with an underscore: `_arch`

warning: unused variable: `arch`
   --> crates/rdna-compute/src/kernels.rs:332:9
    |
332 |     let arch = caps.arch();
    |         ^^^^ help: if this is intentional, prefix it with an underscore: `_arch`

warning: unused variable: `arch`
   --> crates/rdna-compute/src/kernels.rs:347:9
    |
347 |     let arch = caps.arch();
    |         ^^^^ help: if this is intentional, prefix it with an underscore: `_arch`

warning: unused variable: `arch`
   --> crates/rdna-compute/src/kernels.rs:362:9
    |
362 |     let arch = caps.arch();
    |         ^^^^ help: if this is intentional, prefix it with an underscore: `_arch`

warning: unused variable: `arch`
   --> crates/rdna-compute/src/kernels.rs:549:9
    |
549 |     let arch = caps.arch();
    |         ^^^^ help: if this is intentional, prefix it with an underscore: `_arch`

warning: unused variable: `arch`
   --> crates/rdna-compute/src/kernels.rs:566:9
    |
566 |     let arch = caps.arch();
    |         ^^^^ help: if this is intentional, prefix it with an underscore: `_arch`

warning: unused variable: `arch`
   --> crates/rdna-compute/src/kernels.rs:583:9
    |
583 |     let arch = caps.arch();
    |         ^^^^ help: if this is intentional, prefix it with an underscore: `_arch`

warning: unused variable: `arch`
   --> crates/rdna-compute/src/kernels.rs:599:9
    |
599 |     let arch = caps.arch();
    |         ^^^^ help: if this is intentional, prefix it with an underscore: `_arch`

warning: constant `GEMV_MQ6G256_SRC` is never used
   --> crates/rdna-compute/src/kernels.rs:695:11
    |
695 | pub const GEMV_MQ6G256_SRC: &str = include_str!("../../../kernels/src/gemv_mq6g256.hip");
    |           ^^^^^^^^^^^^^^^^
    |
    = note: `#[warn(dead_code)]` (part of `#[warn(unused)]`) on by default

warning: constant `REPEAT_INTERLEAVE_QK_SRC` is never used
    --> crates/rdna-compute/src/kernels.rs:2524:11
     |
2524 | pub const REPEAT_INTERLEAVE_QK_SRC: &str = include_str!("../../../kernels/src/repeat_interleave_qk.hip");
     |           ^^^^^^^^^^^^^^^^^^^^^^^^

warning: field `pgm_rsrc2` is never read
   --> crates/rdna-compute/src/profiler.rs:352:5
    |
350 | struct RawKernelMeta {
    |        ------------- field in this struct
351 |     pgm_rsrc1: u32,
352 |     pgm_rsrc2: u32,
    |     ^^^^^^^^^

warning: `rdna-compute` (lib) generated 16 warnings (run `cargo fix --lib -p rdna-compute` to apply 13 suggestions)
warning: unused variable: `k`
   --> crates/rdna-compute/examples/test_gemm_mq4g256_lloyd_residual_wmma.rs:151:15
    |
151 |     m: usize, k: usize, n: usize,
    |               ^ help: if this is intentional, prefix it with an underscore: `_k`
    |
    = note: `#[warn(unused_variables)]` (part of `#[warn(unused)]`) on by default

warning: variable does not need to be mutable
   --> crates/rdna-compute/examples/test_gemm_mq4g256_lloyd_residual_wmma.rs:311:9
    |
311 |     let mut emit_row = |label: &str, m: usize, k: usize, n: usize,
    |         ----^^^^^^^^
    |         |
    |         help: remove this `mut`
    |
    = note: `#[warn(unused_mut)]` (part of `#[warn(unused)]`) on by default

warning: `rdna-compute` (example "test_gemm_mq4g256_lloyd_residual_wmma") generated 2 warnings (run `cargo fix --example "test_gemm_mq4g256_lloyd_residual_wmma" -p rdna-compute` to apply 2 suggestions)
    Finished `release` profile [optimized] target(s) in 9.87s
     Running `target/release/examples/test_gemm_mq4g256_lloyd_residual_wmma`
GPU dev 0: gfx1151 (103.1 GB VRAM, HIP 7.2)
  pre-compiled kernels: .hipfire_kernels/gfx1151
GPU: gfx1151
    M      K    N   kern      max_abs          rms     us/call  verdict
   64   1024   16  _wmma     1.371e-6     4.751e-7         9.4  PASS  (ref)
   64   1024   16   _mb2     1.371e-6     4.751e-7        23.9  PASS  (2.53× slower)
   64   1024   16   _mb4     1.371e-6     4.751e-7        24.3  PASS  (2.58× slower)

   64   1024   64  _wmma     1.371e-6     4.931e-7        24.6  PASS  (ref)
   64   1024   64   _mb2     1.371e-6     4.931e-7        28.9  PASS  (1.17× slower)
   64   1024   64   _mb4     1.371e-6     4.931e-7        22.8  PASS  (1.08× faster)

  256   1024   64  _wmma     1.490e-6     4.852e-7        36.2  PASS  (ref)
  256   1024   64   _mb2     1.490e-6     4.852e-7        24.9  PASS  (1.45× faster)
  256   1024   64   _mb4     1.490e-6     4.852e-7        24.0  PASS  (1.51× faster)

   64   4096   64  _wmma     1.210e-5     4.241e-6        47.3  PASS  (ref)
   64   4096   64   _mb2     1.210e-5     4.241e-6        86.5  PASS  (1.83× slower)
   64   4096   64   _mb4     1.210e-5     4.241e-6        80.0  PASS  (1.69× slower)

  256   4096   16  _wmma     1.317e-5     4.291e-6        59.4  PASS  (ref)
  256   4096   16   _mb2     1.317e-5     4.291e-6        81.5  PASS  (1.37× slower)
  256   4096   16   _mb4     1.317e-5     4.291e-6        56.8  PASS  (1.04× faster)

  256   4096  256  _wmma     1.317e-5     4.237e-6        66.4  PASS  (ref)
  256   4096  256   _mb2     1.317e-5     4.237e-6        96.3  PASS  (1.45× slower)
  256   4096  256   _mb4     1.317e-5     4.237e-6        83.1  PASS  (1.25× slower)

 1024   4096   64  _wmma     1.317e-5     4.244e-6        74.8  PASS  (ref)
 1024   4096   64   _mb2     1.317e-5     4.244e-6        96.0  PASS  (1.28× slower)
 1024   4096   64   _mb4     1.317e-5     4.244e-6        86.1  PASS  (1.15× slower)

 1024  12288   64  _wmma     7.463e-5     3.144e-5       124.4  PASS  (ref)
 1024  12288   64   _mb2     7.463e-5     3.144e-5       262.6  PASS  (2.11× slower)
 1024  12288   64   _mb4     7.463e-5     3.144e-5       227.2  PASS  (1.83× slower)

 4096   4096  256  _wmma     1.317e-5     4.242e-6       731.2  PASS  (ref)
 4096   4096  256   _mb2     1.317e-5     4.242e-6       682.2  PASS  (1.07× faster)
 4096   4096  256   _mb4     1.317e-5     4.242e-6       711.4  PASS  (1.03× faster)

 4096  12288  256  _wmma     7.463e-5     3.126e-5      2387.4  PASS  (ref)
 4096  12288  256   _mb2     7.463e-5     3.126e-5      2120.2  PASS  (1.13× faster)
 4096  12288  256   _mb4     7.463e-5     3.126e-5      2457.8  PASS  (1.03× slower)

14336   4096  256  _wmma     1.317e-5     4.241e-6      1716.8  PASS  (ref)
14336   4096  256   _mb2     1.317e-5     4.241e-6      2680.3  PASS  (1.56× slower)
14336   4096  256   _mb4     1.317e-5     4.241e-6      1685.6  PASS  (1.02× faster)

Phase A tolerance (initial)      : 1.750e-4
Aggregate us/call (_wmma)        : 5277.8
Aggregate us/call (_mb2)         : 6183.2  (vs _wmma: 0.85×)
Aggregate us/call (_mb4)         : 5459.0  (vs _wmma: 0.97×)

ALL PASS
